[2026-05-18 11:17:15] local.ERROR: SQLSTATE[HY000] [1045] Access denied for user 'root'@'127.0.0.1' (using password: YES) (Connection: mysql, SQL: select table_name as `name`, (data_length + index_length) as `size`, table_comment as `comment`, engine as `engine`, table_collation as `collation` from information_schema.tables where table_schema = 'u463545798_thekost_rm' and table_type in ('BASE TABLE', 'SYSTEM VERSIONED') order by table_name) {"exception":"[object] (Illuminate\\Database\\QueryException(code: 1045): SQLSTATE[HY000] [1045] Access denied for user 'root'@'127.0.0.1' (using password: YES) (Connection: mysql, SQL: select table_name as `name`, (data_length + index_length) as `size`, table_comment as `comment`, engine as `engine`, table_collation as `collation` from information_schema.tables where table_schema = 'u463545798_thekost_rm' and table_type in ('BASE TABLE', 'SYSTEM VERSIONED') order by table_name) at /home/u463545798/domains/roomwise.id/public_html/thekost/vendor/laravel/framework/src/Illuminate/Database/Connection.php:813)
[stacktrace]
#0 /home/u463545798/domains/roomwise.id/public_html/thekost/vendor/laravel/framework/src/Illuminate/Database/Connection.php(767): Illuminate\\Database\\Connection->runQueryCallback()
#1 /home/u463545798/domains/roomwise.id/public_html/thekost/vendor/laravel/framework/src/Illuminate/Database/Connection.php(398): Illuminate\\Database\\Connection->run()
#2 /home/u463545798/domains/roomwise.id/public_html/thekost/vendor/laravel/framework/src/Illuminate/Database/Connection.php(385): Illuminate\\Database\\Connection->select()
#3 /home/u463545798/domains/roomwise.id/public_html/thekost/vendor/laravel/framework/src/Illuminate/Database/Schema/MySqlBuilder.php(41): Illuminate\\Database\\Connection->selectFromWriteConnection()
#4 /home/u463545798/domains/roomwise.id/public_html/thekost/vendor/laravel/framework/src/Illuminate/Database/Schema/Builder.php(147): Illuminate\\Database\\Schema\\MySqlBuilder->getTables()
#5 /home/u463545798/domains/roomwise.id/public_html/thekost/vendor/laravel/framework/src/Illuminate/Database/Migrations/DatabaseMigrationRepository.php(184): Illuminate\\Database\\Schema\\Builder->hasTable()
#6 /home/u463545798/domains/roomwise.id/public_html/thekost/vendor/laravel/framework/src/Illuminate/Database/Migrations/Migrator.php(683): Illuminate\\Database\\Migrations\\DatabaseMigrationRepository->repositoryExists()
#7 /home/u463545798/domains/roomwise.id/public_html/thekost/vendor/laravel/framework/src/Illuminate/Database/Console/Migrations/MigrateCommand.php(164): Illuminate\\Database\\Migrations\\Migrator->repositoryExists()
#8 /home/u463545798/domains/roomwise.id/public_html/thekost/vendor/laravel/framework/src/Illuminate/Support/helpers.php(304): Illuminate\\Database\\Console\\Migrations\\MigrateCommand->Illuminate\\Database\\Console\\Migrations\\{closure}()
#9 /home/u463545798/domains/roomwise.id/public_html/thekost/vendor/laravel/framework/src/Illuminate/Database/Console/Migrations/MigrateCommand.php(164): retry()
#10 /home/u463545798/domains/roomwise.id/public_html/thekost/vendor/laravel/framework/src/Illuminate/Database/Console/Migrations/MigrateCommand.php(140): Illuminate\\Database\\Console\\Migrations\\MigrateCommand->repositoryExists()
#11 /home/u463545798/domains/roomwise.id/public_html/thekost/vendor/laravel/framework/src/Illuminate/Database/Console/Migrations/MigrateCommand.php(110): Illuminate\\Database\\Console\\Migrations\\MigrateCommand->prepareDatabase()
#12 /home/u463545798/domains/roomwise.id/public_html/thekost/vendor/laravel/framework/src/Illuminate/Database/Migrations/Migrator.php(616): Illuminate\\Database\\Console\\Migrations\\MigrateCommand->Illuminate\\Database\\Console\\Migrations\\{closure}()
#13 /home/u463545798/domains/roomwise.id/public_html/thekost/vendor/laravel/framework/src/Illuminate/Database/Console/Migrations/MigrateCommand.php(109): Illuminate\\Database\\Migrations\\Migrator->usingConnection()
#14 /home/u463545798/domains/roomwise.id/public_html/thekost/vendor/laravel/framework/src/Illuminate/Database/Console/Migrations/MigrateCommand.php(88): Illuminate\\Database\\Console\\Migrations\\MigrateCommand->runMigrations()
#15 /home/u463545798/domains/roomwise.id/public_html/thekost/vendor/laravel/framework/src/Illuminate/Container/BoundMethod.php(36): Illuminate\\Database\\Console\\Migrations\\MigrateCommand->handle()
#16 /home/u463545798/domains/roomwise.id/public_html/thekost/vendor/laravel/framework/src/Illuminate/Container/Util.php(41): Illuminate\\Container\\BoundMethod::Illuminate\\Container\\{closure}()
#17 /home/u463545798/domains/roomwise.id/public_html/thekost/vendor/laravel/framework/src/Illuminate/Container/BoundMethod.php(93): Illuminate\\Container\\Util::unwrapIfClosure()
#18 /home/u463545798/domains/roomwise.id/public_html/thekost/vendor/laravel/framework/src/Illuminate/Container/BoundMethod.php(35): Illuminate\\Container\\BoundMethod::callBoundMethod()
#19 /home/u463545798/domains/roomwise.id/public_html/thekost/vendor/laravel/framework/src/Illuminate/Container/Container.php(662): Illuminate\\Container\\BoundMethod::call()
#20 /home/u463545798/domains/roomwise.id/public_html/thekost/vendor/laravel/framework/src/Illuminate/Console/Command.php(213): Illuminate\\Container\\Container->call()
#21 /home/u463545798/domains/roomwise.id/public_html/thekost/vendor/symfony/console/Command/Command.php(279): Illuminate\\Console\\Command->execute()
#22 /home/u463545798/domains/roomwise.id/public_html/thekost/vendor/laravel/framework/src/Illuminate/Console/Command.php(182): Symfony\\Component\\Console\\Command\\Command->run()
#23 /home/u463545798/domains/roomwise.id/public_html/thekost/vendor/symfony/console/Application.php(1049): Illuminate\\Console\\Command->run()
#24 /home/u463545798/domains/roomwise.id/public_html/thekost/vendor/symfony/console/Application.php(318): Symfony\\Component\\Console\\Application->doRunCommand()
#25 /home/u463545798/domains/roomwise.id/public_html/thekost/vendor/symfony/console/Application.php(169): Symfony\\Component\\Console\\Application->doRun()
#26 /home/u463545798/domains/roomwise.id/public_html/thekost/vendor/laravel/framework/src/Illuminate/Foundation/Console/Kernel.php(196): Symfony\\Component\\Console\\Application->run()
#27 /home/u463545798/domains/roomwise.id/public_html/thekost/vendor/laravel/framework/src/Illuminate/Foundation/Application.php(1187): Illuminate\\Foundation\\Console\\Kernel->handle()
#28 /home/u463545798/domains/roomwise.id/public_html/thekost/artisan(13): Illuminate\\Foundation\\Application->handleCommand()
#29 {main}

[previous exception] [object] (PDOException(code: 1045): SQLSTATE[HY000] [1045] Access denied for user 'root'@'127.0.0.1' (using password: YES) at /home/u463545798/domains/roomwise.id/public_html/thekost/vendor/laravel/framework/src/Illuminate/Database/Connectors/Connector.php:65)
[stacktrace]
#0 /home/u463545798/domains/roomwise.id/public_html/thekost/vendor/laravel/framework/src/Illuminate/Database/Connectors/Connector.php(65): PDO->__construct()
#1 /home/u463545798/domains/roomwise.id/public_html/thekost/vendor/laravel/framework/src/Illuminate/Database/Connectors/Connector.php(44): Illuminate\\Database\\Connectors\\Connector->createPdoConnection()
#2 /home/u463545798/domains/roomwise.id/public_html/thekost/vendor/laravel/framework/src/Illuminate/Database/Connectors/MySqlConnector.php(24): Illuminate\\Database\\Connectors\\Connector->createConnection()
#3 /home/u463545798/domains/roomwise.id/public_html/thekost/vendor/laravel/framework/src/Illuminate/Database/Connectors/ConnectionFactory.php(185): Illuminate\\Database\\Connectors\\MySqlConnector->connect()
#4 [internal function]: Illuminate\\Database\\Connectors\\ConnectionFactory->Illuminate\\Database\\Connectors\\{closure}()
#5 /home/u463545798/domains/roomwise.id/public_html/thekost/vendor/laravel/framework/src/Illuminate/Database/Connection.php(1219): call_user_func()
#6 /home/u463545798/domains/roomwise.id/public_html/thekost/vendor/laravel/framework/src/Illuminate/Database/Connection.php(512): Illuminate\\Database\\Connection->getPdo()
#7 /home/u463545798/domains/roomwise.id/public_html/thekost/vendor/laravel/framework/src/Illuminate/Database/Connection.php(407): Illuminate\\Database\\Connection->getPdoForSelect()
#8 /home/u463545798/domains/roomwise.id/public_html/thekost/vendor/laravel/framework/src/Illuminate/Database/Connection.php(800): Illuminate\\Database\\Connection->Illuminate\\Database\\{closure}()
#9 /home/u463545798/domains/roomwise.id/public_html/thekost/vendor/laravel/framework/src/Illuminate/Database/Connection.php(767): Illuminate\\Database\\Connection->runQueryCallback()
#10 /home/u463545798/domains/roomwise.id/public_html/thekost/vendor/laravel/framework/src/Illuminate/Database/Connection.php(398): Illuminate\\Database\\Connection->run()
#11 /home/u463545798/domains/roomwise.id/public_html/thekost/vendor/laravel/framework/src/Illuminate/Database/Connection.php(385): Illuminate\\Database\\Connection->select()
#12 /home/u463545798/domains/roomwise.id/public_html/thekost/vendor/laravel/framework/src/Illuminate/Database/Schema/MySqlBuilder.php(41): Illuminate\\Database\\Connection->selectFromWriteConnection()
#13 /home/u463545798/domains/roomwise.id/public_html/thekost/vendor/laravel/framework/src/Illuminate/Database/Schema/Builder.php(147): Illuminate\\Database\\Schema\\MySqlBuilder->getTables()
#14 /home/u463545798/domains/roomwise.id/public_html/thekost/vendor/laravel/framework/src/Illuminate/Database/Migrations/DatabaseMigrationRepository.php(184): Illuminate\\Database\\Schema\\Builder->hasTable()
#15 /home/u463545798/domains/roomwise.id/public_html/thekost/vendor/laravel/framework/src/Illuminate/Database/Migrations/Migrator.php(683): Illuminate\\Database\\Migrations\\DatabaseMigrationRepository->repositoryExists()
#16 /home/u463545798/domains/roomwise.id/public_html/thekost/vendor/laravel/framework/src/Illuminate/Database/Console/Migrations/MigrateCommand.php(164): Illuminate\\Database\\Migrations\\Migrator->repositoryExists()
#17 /home/u463545798/domains/roomwise.id/public_html/thekost/vendor/laravel/framework/src/Illuminate/Support/helpers.php(304): Illuminate\\Database\\Console\\Migrations\\MigrateCommand->Illuminate\\Database\\Console\\Migrations\\{closure}()
#18 /home/u463545798/domains/roomwise.id/public_html/thekost/vendor/laravel/framework/src/Illuminate/Database/Console/Migrations/MigrateCommand.php(164): retry()
#19 /home/u463545798/domains/roomwise.id/public_html/thekost/vendor/laravel/framework/src/Illuminate/Database/Console/Migrations/MigrateCommand.php(140): Illuminate\\Database\\Console\\Migrations\\MigrateCommand->repositoryExists()
#20 /home/u463545798/domains/roomwise.id/public_html/thekost/vendor/laravel/framework/src/Illuminate/Database/Console/Migrations/MigrateCommand.php(110): Illuminate\\Database\\Console\\Migrations\\MigrateCommand->prepareDatabase()
#21 /home/u463545798/domains/roomwise.id/public_html/thekost/vendor/laravel/framework/src/Illuminate/Database/Migrations/Migrator.php(616): Illuminate\\Database\\Console\\Migrations\\MigrateCommand->Illuminate\\Database\\Console\\Migrations\\{closure}()
#22 /home/u463545798/domains/roomwise.id/public_html/thekost/vendor/laravel/framework/src/Illuminate/Database/Console/Migrations/MigrateCommand.php(109): Illuminate\\Database\\Migrations\\Migrator->usingConnection()
#23 /home/u463545798/domains/roomwise.id/public_html/thekost/vendor/laravel/framework/src/Illuminate/Database/Console/Migrations/MigrateCommand.php(88): Illuminate\\Database\\Console\\Migrations\\MigrateCommand->runMigrations()
#24 /home/u463545798/domains/roomwise.id/public_html/thekost/vendor/laravel/framework/src/Illuminate/Container/BoundMethod.php(36): Illuminate\\Database\\Console\\Migrations\\MigrateCommand->handle()
#25 /home/u463545798/domains/roomwise.id/public_html/thekost/vendor/laravel/framework/src/Illuminate/Container/Util.php(41): Illuminate\\Container\\BoundMethod::Illuminate\\Container\\{closure}()
#26 /home/u463545798/domains/roomwise.id/public_html/thekost/vendor/laravel/framework/src/Illuminate/Container/BoundMethod.php(93): Illuminate\\Container\\Util::unwrapIfClosure()
#27 /home/u463545798/domains/roomwise.id/public_html/thekost/vendor/laravel/framework/src/Illuminate/Container/BoundMethod.php(35): Illuminate\\Container\\BoundMethod::callBoundMethod()
#28 /home/u463545798/domains/roomwise.id/public_html/thekost/vendor/laravel/framework/src/Illuminate/Container/Container.php(662): Illuminate\\Container\\BoundMethod::call()
#29 /home/u463545798/domains/roomwise.id/public_html/thekost/vendor/laravel/framework/src/Illuminate/Console/Command.php(213): Illuminate\\Container\\Container->call()
#30 /home/u463545798/domains/roomwise.id/public_html/thekost/vendor/symfony/console/Command/Command.php(279): Illuminate\\Console\\Command->execute()
#31 /home/u463545798/domains/roomwise.id/public_html/thekost/vendor/laravel/framework/src/Illuminate/Console/Command.php(182): Symfony\\Component\\Console\\Command\\Command->run()
#32 /home/u463545798/domains/roomwise.id/public_html/thekost/vendor/symfony/console/Application.php(1049): Illuminate\\Console\\Command->run()
#33 /home/u463545798/domains/roomwise.id/public_html/thekost/vendor/symfony/console/Application.php(318): Symfony\\Component\\Console\\Application->doRunCommand()
#34 /home/u463545798/domains/roomwise.id/public_html/thekost/vendor/symfony/console/Application.php(169): Symfony\\Component\\Console\\Application->doRun()
#35 /home/u463545798/domains/roomwise.id/public_html/thekost/vendor/laravel/framework/src/Illuminate/Foundation/Console/Kernel.php(196): Symfony\\Component\\Console\\Application->run()
#36 /home/u463545798/domains/roomwise.id/public_html/thekost/vendor/laravel/framework/src/Illuminate/Foundation/Application.php(1187): Illuminate\\Foundation\\Console\\Kernel->handle()
#37 /home/u463545798/domains/roomwise.id/public_html/thekost/artisan(13): Illuminate\\Foundation\\Application->handleCommand()
#38 {main}
"} 
